#-----------------------------------------------------------
# Vivado v2021.2 (64-bit)
# SW Build 3367213 on Tue Oct 19 02:47:39 MDT 2021
# IP Build 3369179 on Thu Oct 21 08:25:16 MDT 2021
# Start of session at: Tue May 24 21:03:19 2022
# Process ID: 72225
# Current directory: /home/raesangur/github/UdeS_S4_APP2
# Command line: vivado
# Log file: /home/raesangur/github/UdeS_S4_APP2/vivado.log
# Journal file: /home/raesangur/github/UdeS_S4_APP2/vivado.jou
# Running On: mini-pascal, OS: Linux, CPU Frequency: 2800.000 MHz, CPU Physical cores: 4, Host memory: 33440 MB
#-----------------------------------------------------------
start_gui
open_project /home/raesangur/github/UdeS_S4_APP2/Problematique/pb_logique_seq.xpr
update_compile_order -fileset sources_1
launch_simulation
source simul_module_sig_tb.tcl
run 1 ms
restart
run 1 ms
restart
run 1 ms
relaunch_sim
run 1 ms
run 1 ms
relaunch_sim
run 1 ms
relaunch_sim
run 1 ms
run 1 ms
open_bd_design {/home/raesangur/github/UdeS_S4_APP2/Problematique/pb_logique_seq.srcs/sources_1/bd/design_1/design_1.bd}
source /home/raesangur/github/UdeS_S4_APP2/Problematique/schema.tcl
relaunch_sim
run 1 ms
open_bd_design {/home/raesangur/github/UdeS_S4_APP2/Problematique/pb_logique_seq.srcs/sources_1/bd/design_1/design_1.bd}
relaunch_sim
run 1 ms
restart
run 1 ms
restart
run 1 ms
run 1 ms
restart
run 1 ms
restart
run 1 ms
run 1 ms
relaunch_sim
relaunch_sim
run 1 ms
run 1 ms
run 1 ms
run 1 ms
restart
run 1 ms
run 1 ms
run 1 ms
run 1 ms
relaunch_sim
run 1 ms
run 1 ms
run 1 ms
run 1 ms
restart
run 1 ms
run 1 ms
relaunch_sim
run 1 ms
run 1 ms
close_sim
