#-----------------------------------------------------------
# Vivado v2021.2 (64-bit)
# SW Build 3367213 on Tue Oct 19 02:47:39 MDT 2021
# IP Build 3369179 on Thu Oct 21 08:25:16 MDT 2021
# Start of session at: Tue May 24 13:33:44 2022
# Process ID: 34511
# Current directory: /home/raesangur/github/UdeS_S4_APP2/Problematique/pb_logique_seq.srcs/sources_1/imports/new
# Command line: vivado
# Log file: /home/raesangur/github/UdeS_S4_APP2/Problematique/pb_logique_seq.srcs/sources_1/imports/new/vivado.log
# Journal file: /home/raesangur/github/UdeS_S4_APP2/Problematique/pb_logique_seq.srcs/sources_1/imports/new/vivado.jou
# Running On: mini-pascal, OS: Linux, CPU Frequency: 2800.000 MHz, CPU Physical cores: 4, Host memory: 33440 MB
#-----------------------------------------------------------
start_gui
open_project /home/raesangur/github/UdeS_S4_APP2/Problematique/pb_logique_seq.xpr
update_compile_order -fileset sources_1
open_bd_design {/home/raesangur/github/UdeS_S4_APP2/Problematique/pb_logique_seq.srcs/sources_1/bd/design_1/design_1.bd}
source /home/raesangur/github/UdeS_S4_APP2/Problematique/schema.tcl
save_bd_design
launch_simulation
source module_commande_tb.tcl
# Disabling source management mode.  This is to allow the top design properties to be set without GUI intervention.
set_property source_mgmt_mode None [current_project]
set_property top simul_module_sig_tb [get_filesets sim_1]
set_property top_lib xil_defaultlib [get_filesets sim_1]
# Re-enabling previously disabled source management mode.
set_property source_mgmt_mode All [current_project]
update_compile_order -fileset sim_1
relaunch_sim
relaunch_sim
relaunch_sim
run 1 ms
relaunch_sim
launch_simulation
source simul_module_sig_tb.tcl
run 1 ms
run 1 ms
relaunch_sim
run 1 ms
relaunch_sim
relaunch_sim
run 1 ms
run 1 ms
run 1 ms
run 1 ms
relaunch_sim
run 1 ms
relaunch_sim
relaunch_sim
run 1 ms
run 1 ms
relaunch_sim
relaunch_sim
run 1 ms
run 1 ms
run 1 ms
relaunch_sim
run 1 ms
restart
run 1 ms
run 1 ms
relaunch_sim
run 1 ms
restart
run 1 ms
run 1 ms
relaunch_sim
relaunch_sim
run 1 ms
relaunch_sim
run 1 ms
run 1 ms
relaunch_sim
run 1 ms
run 1 ms
restart
run 1 ms
run 1 ms
run 1 ms
run 1 ms
current_wave_config {Untitled 2}
add_wave {{/simul_module_sig_tb/UUT_mod_sig/M1_decodeur_i2s}} 
restart
run 1 ms
run 1 ms
relaunch_sim
relaunch_sim
run 1 ms
relaunch_sim
update_compile_order -fileset sources_1
relaunch_sim
run 1 ms
update_compile_order -fileset sources_1
run 1 ms
close_sim
close_sim
